\BOOKMARK [0][-]{chapter.1}{\376\377\000P\000r\000e\000l\000i\000m\000i\000n\000a\000r\000y\000\040\000c\000o\000n\000c\000e\000p\000t\000s}{}% 1
\BOOKMARK [1][-]{section.1.1}{\376\377\000T\000w\000o\000-\000d\000i\000m\000e\000s\000i\000o\000n\000a\000l\000\040\000e\000l\000e\000c\000t\000r\000o\000n\000\040\000g\000a\000s}{chapter.1}% 2
\BOOKMARK [1][-]{section.1.2}{\376\377\000E\000f\000f\000e\000c\000t\000i\000v\000e\000\040\000m\000a\000s\000s\000,\000\040\000d\000e\000n\000s\000i\000t\000y\000\040\000o\000f\000\040\000s\000t\000a\000t\000e\000s\000\040\000e\000t\000c\000.}{chapter.1}% 3
\BOOKMARK [2][-]{subsection.1.2.1}{\376\377\000S\000u\000b\000b\000a\000n\000d\000s}{section.1.2}% 4
\BOOKMARK [2][-]{subsection.1.2.2}{\376\377\000B\000a\000n\000d\000\040\000d\000i\000a\000g\000r\000a\000m\000s}{section.1.2}% 5
\BOOKMARK [2][-]{subsection.1.2.3}{\376\377\000D\000e\000n\000s\000i\000t\000y\000\040\000o\000f\000\040\000s\000t\000a\000t\000e\000s}{section.1.2}% 6
\BOOKMARK [2][-]{subsection.1.2.4}{\376\377\000D\000e\000g\000e\000n\000e\000r\000a\000t\000e\000\040\000a\000n\000d\000\040\000n\000o\000n\000-\000d\000e\000g\000e\000n\000e\000r\000a\000t\000e\000\040\000c\000o\000n\000d\000u\000c\000t\000o\000r\000s}{section.1.2}% 7
\BOOKMARK [1][-]{section.1.3}{\376\377\000C\000h\000a\000r\000a\000c\000t\000e\000r\000i\000s\000t\000i\000c\000\040\000l\000e\000n\000g\000t\000h\000s}{chapter.1}% 8
\BOOKMARK [2][-]{subsection.1.3.1}{\376\377\000w\000a\000v\000e\000l\000e\000n\000g\000t\000h}{section.1.3}% 9
\BOOKMARK [2][-]{subsection.1.3.2}{\376\377\000M\000e\000a\000n\000\040\000f\000r\000e\000e\000\040\000p\000a\000t\000h}{section.1.3}% 10
\BOOKMARK [2][-]{subsection.1.3.3}{\376\377\000P\000h\000a\000s\000e\000\040\000c\000o\000h\000e\000r\000e\000n\000c\000e\000\040\000l\000e\000n\000g\000t\000h}{section.1.3}% 11
\BOOKMARK [1][-]{section.1.4}{\376\377\000L\000o\000w\000-\000f\000i\000e\000l\000d\000\040\000m\000a\000g\000n\000e\000t\000o\000r\000e\000s\000i\000s\000t\000a\000n\000c\000e}{chapter.1}% 12
\BOOKMARK [2][-]{subsection.1.4.1}{\376\377\000D\000r\000u\000d\000e\000\040\000m\000o\000d\000e\000l}{section.1.4}% 13
\BOOKMARK [1][-]{section.1.5}{\376\377\000H\000i\000g\000h\000-\000f\000i\000e\000l\000d\000\040\000m\000a\000g\000n\000e\000t\000o\000r\000e\000s\000i\000s\000t\000a\000n\000c\000e}{chapter.1}% 14
\BOOKMARK [2][-]{subsection.1.5.1}{\376\377\000O\000r\000i\000g\000i\000n\000\040\000o\000f\000\040\000S\000d\000H\000\040\000o\000s\000c\000i\000l\000l\000a\000t\000i\000o\000n\000s}{section.1.5}% 15
\BOOKMARK [2][-]{subsection.1.5.2}{\376\377\000W\000h\000y\000\040\000d\000o\000\040\000d\000i\000s\000c\000r\000e\000t\000e\000\040\000s\000t\000a\000t\000e\000s\000\040\000f\000o\000r\000m\000\040\000a\000t\000\040\000h\000i\000g\000h\000\040\000m\000a\000g\000n\000e\000t\000i\000c\000\040\000f\000i\000e\000l\000d\000s\000?}{section.1.5}% 16
\BOOKMARK [1][-]{section.1.6}{\376\377\000T\000r\000a\000n\000s\000v\000e\000r\000s\000e\000\040\000m\000o\000d\000e\000s}{chapter.1}% 17
\BOOKMARK [2][-]{subsection.1.6.1}{\376\377\000C\000o\000n\000f\000i\000n\000e\000d\000\040\000e\000l\000e\000c\000t\000r\000o\000n\000s\000\040\000i\000n\000\040\000z\000e\000r\000o\000\040\000m\000a\000g\000n\000e\000t\000i\000c\000\040\000f\000i\000e\000l\000d}{section.1.6}% 18
\BOOKMARK [2][-]{subsection.1.6.2}{\376\377\000U\000n\000c\000o\000n\000f\000i\000n\000e\000d\000\040\000e\000l\000e\000c\000t\000r\000o\000n\000s\000\040\000i\000n\000\040\000n\000o\000n\000-\000z\000e\000r\000o\000\040\000m\000a\000g\000n\000e\000t\000i\000c\000\040\000f\000i\000e\000l\000d}{section.1.6}% 19
\BOOKMARK [2][-]{subsection.1.6.3}{\376\377\000C\000o\000n\000f\000i\000n\000e\000d\000\040\000e\000l\000e\000c\000t\000r\000o\000n\000s\000\040\000i\000n\000\040\000n\000o\000n\000-\000z\000e\000r\000o\000\040\000m\000a\000g\000n\000e\000t\000i\000c\000\040\000f\000i\000e\000l\000d}{section.1.6}% 20
\BOOKMARK [1][-]{section.1.7}{\376\377\000D\000r\000i\000f\000t\000\040\000v\000e\000l\000o\000c\000i\000t\000y\000\040\000o\000r\000\040\000F\000e\000r\000m\000i\000\040\000v\000e\000l\000o\000c\000i\000t\000y\000?}{chapter.1}% 21
\BOOKMARK [2][-]{subsection.1.7.1}{\376\377\000Q\000u\000a\000s\000i\000-\000F\000e\000r\000m\000i\000\040\000l\000e\000v\000e\000l\000\040\000s\000e\000p\000a\000r\000a\000t\000i\000o\000n}{section.1.7}% 22
\BOOKMARK [2][-]{subsection.1.7.2}{\376\377\000E\000i\000n\000s\000t\000e\000i\000n\000\040\000r\000e\000l\000a\000t\000i\000o\000n}{section.1.7}% 23
\BOOKMARK [2][-]{subsection.1.7.3}{\376\377\000D\000r\000i\000f\000t\000\040\000o\000r\000\040\000d\000i\000f\000f\000u\000s\000i\000o\000n\000?}{section.1.7}% 24
\BOOKMARK [0][-]{chapter.2}{\376\377\000C\000o\000n\000d\000u\000c\000t\000a\000n\000c\000e\000\040\000f\000r\000o\000m\000\040\000t\000r\000a\000n\000s\000m\000i\000s\000s\000i\000o\000n}{}% 25
\BOOKMARK [1][-]{section.2.1}{\376\377\000R\000e\000s\000i\000s\000t\000a\000n\000c\000e\000\040\000o\000f\000\040\000a\000\040\000b\000a\000l\000l\000i\000s\000t\000i\000c\000\040\000c\000o\000n\000d\000u\000c\000t\000o\000r}{chapter.2}% 26
\BOOKMARK [1][-]{section.2.2}{\376\377\000R\000e\000f\000l\000e\000c\000t\000i\000o\000n\000l\000e\000s\000s\000\040\000c\000o\000n\000t\000a\000c\000t\000s}{chapter.2}% 27
\BOOKMARK [2][-]{subsection.2.2.1}{\376\377\000C\000a\000l\000c\000u\000l\000a\000t\000i\000n\000g\000\040\000t\000h\000e\000\040\000c\000u\000r\000r\000e\000n\000t}{section.2.2}% 28
\BOOKMARK [2][-]{subsection.2.2.2}{\376\377\000C\000o\000n\000t\000a\000c\000t\000\040\000r\000e\000s\000i\000s\000t\000a\000n\000c\000e}{section.2.2}% 29
\BOOKMARK [1][-]{section.2.3}{\376\377\000L\000a\000n\000d\000a\000u\000e\000r\000\040\000f\000o\000r\000m\000u\000l\000a}{chapter.2}% 30
\BOOKMARK [2][-]{subsection.2.3.1}{\376\377\000O\000h\000m\000'\000s\000\040\000l\000a\000w}{section.2.3}% 31
\BOOKMARK [2][-]{subsection.2.3.2}{\376\377\000T\000r\000a\000n\000s\000m\000i\000s\000s\000i\000o\000n\000\040\000p\000r\000o\000b\000a\000b\000i\000l\000i\000t\000y}{section.2.3}% 32
\BOOKMARK [2][-]{subsection.2.3.3}{\376\377\000E\000n\000e\000r\000g\000y\000\040\000d\000i\000s\000t\000r\000i\000b\000u\000t\000i\000o\000n\000\040\000o\000f\000\040\000e\000l\000e\000c\000t\000r\000o\000n\000s}{section.2.3}% 33
\BOOKMARK [2][-]{subsection.2.3.4}{\376\377\000S\000p\000a\000t\000i\000o\000n\000a\000l\000\040\000v\000a\000r\000i\000a\000t\000i\000o\000n\000\040\000o\000f\000\040\000t\000h\000e\000\040\000e\000l\000e\000c\000t\000r\000o\000c\000h\000e\000m\000i\000c\000a\000l\000\040\000p\000o\000t\000e\000n\000t\000i\000a\000l}{section.2.3}% 34
\BOOKMARK [2][-]{subsection.2.3.5}{\376\377\000h\000e\000a\000t\000\040\000d\000i\000s\000s\000i\000p\000a\000t\000i\000o\000n}{section.2.3}% 35
\BOOKMARK [1][-]{section.2.4}{\376\377\000B\000u\000t\000t\000i\000k\000e\000r\000\040\000f\000o\000r\000m\000u\000l\000a}{chapter.2}% 36
\BOOKMARK [2][-]{subsection.2.4.1}{\376\377\000T\000h\000r\000e\000e\000-\000t\000e\000r\000m\000i\000n\000a\000l\000\040\000c\000o\000n\000d\000u\000c\000t\000o\000r}{section.2.4}% 37
\BOOKMARK [2][-]{subsection.2.4.2}{\376\377\000F\000o\000u\000r\000-\000t\000e\000r\000m\000i\000n\000a\000l\000\040\000c\000o\000n\000d\000u\000c\000t\000o\000r}{section.2.4}% 38
\BOOKMARK [1][-]{section.2.5}{\376\377\000N\000o\000n\000-\000z\000e\000r\000o\000\040\000t\000e\000m\000p\000e\000r\000a\000t\000u\000r\000e\000\040\000a\000n\000d\000\040\000b\000i\000a\000s}{chapter.2}% 39
\BOOKMARK [2][-]{subsection.2.5.1}{\376\377\000L\000i\000n\000e\000a\000r\000\040\000r\000e\000s\000p\000o\000n\000s\000e}{section.2.5}% 40
\BOOKMARK [2][-]{subsection.2.5.2}{\376\377\000W\000h\000e\000n\000\040\000i\000s\000\040\000t\000h\000e\000\040\000r\000e\000s\000p\000o\000n\000s\000e\000\040\000l\000i\000n\000e\000a\000r\000?}{section.2.5}% 41
\BOOKMARK [2][-]{subsection.2.5.3}{\376\377\000M\000u\000l\000t\000i\000-\000t\000e\000r\000m\000i\000n\000a\000l\000\040\000c\000o\000n\000d\000u\000c\000t\000o\000r\000s}{section.2.5}% 42
\BOOKMARK [1][-]{section.2.6}{\376\377\000E\000x\000c\000l\000u\000s\000i\000o\000n\000\040\000p\000r\000i\000n\000c\000i\000p\000l\000e\000?}{chapter.2}% 43
\BOOKMARK [2][-]{subsection.2.6.1}{\376\377\000S\000c\000a\000t\000t\000e\000r\000i\000n\000g\000\040\000s\000t\000a\000t\000e\000s}{section.2.6}% 44
\BOOKMARK [2][-]{subsection.2.6.2}{\376\377\000C\000a\000n\000\040\000s\000c\000a\000t\000t\000e\000r\000i\000n\000g\000\040\000s\000t\000a\000t\000e\000s\000\040\000b\000e\000\040\000d\000e\000f\000i\000n\000e\000d\000\040\000i\000n\000\040\000n\000o\000n\000-\000z\000e\000r\000o\000\040\000m\000a\000g\000n\000e\000t\000i\000c\000\040\000f\000i\000e\000l\000d\000s\000?}{section.2.6}% 45
\BOOKMARK [2][-]{subsection.2.6.3}{\376\377\000A\000r\000e\000\040\000d\000i\000f\000f\000e\000r\000e\000n\000t\000\040\000t\000r\000a\000n\000s\000v\000e\000r\000s\000e\000\040\000m\000o\000d\000e\000s\000\040\000i\000n\000d\000e\000p\000e\000n\000d\000e\000n\000t\000?}{section.2.6}% 46
\BOOKMARK [2][-]{subsection.2.6.4}{\376\377\000N\000o\000n\000-\000c\000o\000h\000e\000r\000e\000n\000t\000\040\000t\000r\000a\000n\000s\000p\000o\000r\000t}{section.2.6}% 47
\BOOKMARK [1][-]{section.2.7}{\376\377\000E\000q\000u\000i\000l\000i\000b\000r\000i\000u\000m\000\040\000C\000u\000r\000r\000e\000n\000t\000\040\000F\000l\000u\000c\000t\000u\000a\000t\000i\000o\000n\000s}{chapter.2}% 48
\BOOKMARK [1][-]{section.2.8}{\376\377\000S\000u\000m\000m\000a\000r\000y}{chapter.2}% 49
\BOOKMARK [0][-]{chapter.3}{\376\377\000T\000r\000a\000n\000s\000m\000i\000s\000s\000i\000o\000n\000\040\000f\000u\000n\000c\000t\000i\000o\000n\000,\000\040\000S\000-\000m\000a\000t\000r\000i\000x\000,\000\040\000a\000n\000d\000\040\000G\000r\000e\000e\000n\000'\000s\000\040\000f\000u\000n\000c\000t\000i\000o\000n\000s}{}% 50
\BOOKMARK [1][-]{section.3.1}{\376\377\000T\000r\000a\000n\000s\000m\000i\000s\000s\000i\000o\000n\000\040\000f\000u\000n\000c\000t\000i\000o\000n\000\040\000a\000n\000d\000\040\000t\000h\000e\000\040\000S\000-\000m\000a\000t\000r\000i\000x}{chapter.3}% 51
\BOOKMARK [2][-]{subsection.3.1.1}{\376\377\000U\000n\000i\000t\000a\000r\000i\000t\000y}{section.3.1}% 52
\BOOKMARK [2][-]{subsection.3.1.2}{\376\377\000A\000n\000\040\000i\000m\000p\000o\000r\000t\000\040\000p\000o\000i\000n\000t}{section.3.1}% 53
\BOOKMARK [2][-]{subsection.3.1.3}{\376\377\000S\000u\000m\000\040\000r\000u\000l\000e\000\040\000f\000o\000r\000\040\000t\000h\000e\000\040\000c\000o\000n\000d\000u\000c\000t\000a\000n\000c\000e\000\040\000m\000a\000t\000r\000i\000x}{section.3.1}% 54
\BOOKMARK [2][-]{subsection.3.1.4}{\376\377\000R\000e\000c\000i\000p\000r\000o\000c\000i\000t\000y}{section.3.1}% 55
\BOOKMARK [1][-]{section.3.2}{\376\377\000C\000o\000m\000b\000i\000n\000i\000n\000g\000\040\000S\000-\000m\000a\000t\000r\000i\000c\000e\000s}{chapter.3}% 56
\BOOKMARK [2][-]{subsection.3.2.1}{\376\377\000F\000e\000y\000n\000m\000a\000n\000\040\000p\000a\000t\000h\000s}{section.3.2}% 57
\BOOKMARK [2][-]{subsection.3.2.2}{\376\377\000C\000o\000m\000b\000i\000n\000i\000n\000g\000\040\000s\000u\000c\000c\000e\000s\000s\000i\000v\000e\000\040\000s\000e\000c\000t\000i\000o\000n\000s\000\040\000i\000n\000c\000o\000h\000e\000r\000e\000n\000t}{section.3.2}% 58
\BOOKMARK [2][-]{subsection.3.2.3}{\376\377\000C\000o\000m\000b\000i\000n\000i\000n\000g\000\040\000s\000u\000c\000c\000e\000s\000s\000i\000v\000e\000\040\000s\000e\000c\000t\000i\000o\000n\000s\000\040\000w\000i\000t\000h\000\040\000p\000a\000r\000t\000i\000a\000l\000\040\000c\000o\000h\000e\000r\000e\000n\000c\000e}{section.3.2}% 59
